../Core/Src/main.c:89:5:main	16	static
../Core/Src/main.c:156:6:SystemClock_Config	88	static
../Core/Src/main.c:198:6:mesure_loop	24	static
../Core/Src/main.c:216:6:motor_speed_control_loop	8	static
../Core/Src/main.c:230:5:start_PWM	16	static
../Core/Src/main.c:257:5:stop_PWM	8	static
../Core/Src/main.c:278:5:set_PWM	56	static
../Core/Src/main.c:304:6:HAL_ADC_ConvCpltCallback	16	static
../Core/Src/main.c:309:6:HAL_ADC_ErrorCallback	16	static
../Core/Src/main.c:324:6:HAL_TIM_PeriodElapsedCallback	16	static
../Core/Src/main.c:341:6:Error_Handler	4	static,ignoring_inline_asm
