../Core/Src/main.c:90:5:main	16	static
../Core/Src/main.c:154:6:SystemClock_Config	88	static
../Core/Src/main.c:196:6:measure_loop	24	static
../Core/Src/main.c:214:6:motor_speed_control_loop	8	static
../Core/Src/main.c:230:5:start_PWM	16	static
../Core/Src/main.c:261:5:stop_PWM	8	static
../Core/Src/main.c:286:5:set_PWM	56	static
../Core/Src/main.c:314:6:HAL_ADC_ConvCpltCallback	16	static
../Core/Src/main.c:319:6:HAL_ADC_ErrorCallback	16	static
../Core/Src/main.c:334:6:HAL_TIM_PeriodElapsedCallback	16	static
../Core/Src/main.c:352:6:Error_Handler	4	static,ignoring_inline_asm
